[dotenv@17.2.3] injecting env (7) from .env -- tip: 📡 add observability to secrets: https://dotenvx.com/ops
Database synced
Server running on port 3000
0 notifications processed at Mon Dec 01 2025 20:56:00 GMT+0700 (Indochina Time) (reminders found: 0)
0 notifications processed at Mon Dec 01 2025 20:57:00 GMT+0700 (Indochina Time) (reminders found: 0)
0 notifications processed at Mon Dec 01 2025 20:58:00 GMT+0700 (Indochina Time) (reminders found: 0)
0 notifications processed at Mon Dec 01 2025 20:59:00 GMT+0700 (Indochina Time) (reminders found: 0)
0 notifications processed at Mon Dec 01 2025 21:00:00 GMT+0700 (Indochina Time) (reminders found: 0)
0 notifications processed at Mon Dec 01 2025 21:01:00 GMT+0700 (Indochina Time) (reminders found: 0)
0 notifications processed at Mon Dec 01 2025 21:02:00 GMT+0700 (Indochina Time) (reminders found: 0)
0 notifications processed at Mon Dec 01 2025 21:03:00 GMT+0700 (Indochina Time) (reminders found: 0)
0 notifications processed at Mon Dec 01 2025 21:04:00 GMT+0700 (Indochina Time) (reminders found: 0)
0 notifications processed at Mon Dec 01 2025 21:05:00 GMT+0700 (Indochina Time) (reminders found: 0)
0 notifications processed at Mon Dec 01 2025 21:06:00 GMT+0700 (Indochina Time) (reminders found: 0)
0 notifications processed at Mon Dec 01 2025 21:07:00 GMT+0700 (Indochina Time) (reminders found: 0)
0 notifications processed at Mon Dec 01 2025 21:08:00 GMT+0700 (Indochina Time) (reminders found: 0)
0 notifications processed at Mon Dec 01 2025 21:09:00 GMT+0700 (Indochina Time) (reminders found: 0)
0 notifications processed at Mon Dec 01 2025 21:10:00 GMT+0700 (Indochina Time) (reminders found: 0)
0 notifications processed at Mon Dec 01 2025 21:11:00 GMT+0700 (Indochina Time) (reminders found: 0)
0 notifications processed at Mon Dec 01 2025 21:12:00 GMT+0700 (Indochina Time) (reminders found: 0)
0 notifications processed at Mon Dec 01 2025 21:13:00 GMT+0700 (Indochina Time) (reminders found: 0)
0 notifications processed at Mon Dec 01 2025 21:14:00 GMT+0700 (Indochina Time) (reminders found: 0)
0 notifications processed at Mon Dec 01 2025 21:15:00 GMT+0700 (Indochina Time) (reminders found: 0)
0 notifications processed at Mon Dec 01 2025 21:16:00 GMT+0700 (Indochina Time) (reminders found: 0)
0 notifications processed at Mon Dec 01 2025 21:17:00 GMT+0700 (Indochina Time) (reminders found: 0)
0 notifications processed at Mon Dec 01 2025 21:18:00 GMT+0700 (Indochina Time) (reminders found: 0)
0 notifications processed at Mon Dec 01 2025 21:19:00 GMT+0700 (Indochina Time) (reminders found: 0)
0 notifications processed at Mon Dec 01 2025 21:20:00 GMT+0700 (Indochina Time) (reminders found: 0)
0 notifications processed at Mon Dec 01 2025 21:21:00 GMT+0700 (Indochina Time) (reminders found: 0)
0 notifications processed at Mon Dec 01 2025 21:22:00 GMT+0700 (Indochina Time) (reminders found: 0)
0 notifications processed at Mon Dec 01 2025 21:23:00 GMT+0700 (Indochina Time) (reminders found: 0)
0 notifications processed at Mon Dec 01 2025 21:24:00 GMT+0700 (Indochina Time) (reminders found: 0)
0 notifications processed at Mon Dec 01 2025 21:25:00 GMT+0700 (Indochina Time) (reminders found: 0)
0 notifications processed at Mon Dec 01 2025 21:26:00 GMT+0700 (Indochina Time) (reminders found: 0)
0 notifications processed at Mon Dec 01 2025 21:27:00 GMT+0700 (Indochina Time) (reminders found: 0)
0 notifications processed at Mon Dec 01 2025 21:28:00 GMT+0700 (Indochina Time) (reminders found: 0)
0 notifications processed at Mon Dec 01 2025 21:29:00 GMT+0700 (Indochina Time) (reminders found: 0)
0 notifications processed at Mon Dec 01 2025 21:30:00 GMT+0700 (Indochina Time) (reminders found: 0)
[2025-12-01T14:30:27.851Z] Error: {
  message: 'request entity too large',
  statusCode: 413,
  path: '/api/auth/me/avatar',
  method: 'PUT',
  stack: 'PayloadTooLargeError: request entity too large\n' +
    '    at readStream (/Users/hoc/Documents/Ky_5/Computer_Technology/Final/SMARTTASKER-2.0/backend/node_modules/raw-body/index.js:163:17)\n' +
    '    at getRawBody (/Users/hoc/Documents/Ky_5/Computer_Technology/Final/SMARTTASKER-2.0/backend/node_modules/raw-body/index.js:116:12)\n' +
    '    at read (/Users/hoc/Documents/Ky_5/Computer_Technology/Final/SMARTTASKER-2.0/backend/node_modules/body-parser/lib/read.js:74:3)\n' +
    '    at jsonParser (/Users/hoc/Documents/Ky_5/Computer_Technology/Final/SMARTTASKER-2.0/backend/node_modules/body-parser/lib/types/json.js:125:5)\n' +
    '    at Layer.handleRequest (/Users/hoc/Documents/Ky_5/Computer_Technology/Final/SMARTTASKER-2.0/backend/node_modules/router/lib/layer.js:152:17)\n' +
    '    at trimPrefix (/Users/hoc/Documents/Ky_5/Computer_Technology/Final/SMARTTASKER-2.0/backend/node_modules/router/index.js:342:13)\n' +
    '    at /Users/hoc/Documents/Ky_5/Computer_Technology/Final/SMARTTASKER-2.0/backend/node_modules/router/index.js:297:9\n' +
    '    at processParams (/Users/hoc/Documents/Ky_5/Computer_Technology/Final/SMARTTASKER-2.0/backend/node_modules/router/index.js:582:12)\n' +
    '    at next (/Users/hoc/Documents/Ky_5/Computer_Technology/Final/SMARTTASKER-2.0/backend/node_modules/router/index.js:291:5)\n' +
    '    at cors (/Users/hoc/Documents/Ky_5/Computer_Technology/Final/SMARTTASKER-2.0/backend/node_modules/cors/lib/index.js:188:7)'
}
0 notifications processed at Mon Dec 01 2025 21:31:00 GMT+0700 (Indochina Time) (reminders found: 0)
[2025-12-01T14:31:51.569Z] Error: {
  message: 'request entity too large',
  statusCode: 413,
  path: '/api/auth/me/avatar',
  method: 'PUT',
  stack: 'PayloadTooLargeError: request entity too large\n' +
    '    at readStream (/Users/hoc/Documents/Ky_5/Computer_Technology/Final/SMARTTASKER-2.0/backend/node_modules/raw-body/index.js:163:17)\n' +
    '    at getRawBody (/Users/hoc/Documents/Ky_5/Computer_Technology/Final/SMARTTASKER-2.0/backend/node_modules/raw-body/index.js:116:12)\n' +
    '    at read (/Users/hoc/Documents/Ky_5/Computer_Technology/Final/SMARTTASKER-2.0/backend/node_modules/body-parser/lib/read.js:74:3)\n' +
    '    at jsonParser (/Users/hoc/Documents/Ky_5/Computer_Technology/Final/SMARTTASKER-2.0/backend/node_modules/body-parser/lib/types/json.js:125:5)\n' +
    '    at Layer.handleRequest (/Users/hoc/Documents/Ky_5/Computer_Technology/Final/SMARTTASKER-2.0/backend/node_modules/router/lib/layer.js:152:17)\n' +
    '    at trimPrefix (/Users/hoc/Documents/Ky_5/Computer_Technology/Final/SMARTTASKER-2.0/backend/node_modules/router/index.js:342:13)\n' +
    '    at /Users/hoc/Documents/Ky_5/Computer_Technology/Final/SMARTTASKER-2.0/backend/node_modules/router/index.js:297:9\n' +
    '    at processParams (/Users/hoc/Documents/Ky_5/Computer_Technology/Final/SMARTTASKER-2.0/backend/node_modules/router/index.js:582:12)\n' +
    '    at next (/Users/hoc/Documents/Ky_5/Computer_Technology/Final/SMARTTASKER-2.0/backend/node_modules/router/index.js:291:5)\n' +
    '    at cors (/Users/hoc/Documents/Ky_5/Computer_Technology/Final/SMARTTASKER-2.0/backend/node_modules/cors/lib/index.js:188:7)'
}
0 notifications processed at Mon Dec 01 2025 21:32:00 GMT+0700 (Indochina Time) (reminders found: 0)
[2025-12-01T14:32:13.374Z] Error: {
  message: 'request entity too large',
  statusCode: 413,
  path: '/api/auth/me/avatar',
  method: 'PUT',
  stack: 'PayloadTooLargeError: request entity too large\n' +
    '    at readStream (/Users/hoc/Documents/Ky_5/Computer_Technology/Final/SMARTTASKER-2.0/backend/node_modules/raw-body/index.js:163:17)\n' +
    '    at getRawBody (/Users/hoc/Documents/Ky_5/Computer_Technology/Final/SMARTTASKER-2.0/backend/node_modules/raw-body/index.js:116:12)\n' +
    '    at read (/Users/hoc/Documents/Ky_5/Computer_Technology/Final/SMARTTASKER-2.0/backend/node_modules/body-parser/lib/read.js:74:3)\n' +
    '    at jsonParser (/Users/hoc/Documents/Ky_5/Computer_Technology/Final/SMARTTASKER-2.0/backend/node_modules/body-parser/lib/types/json.js:125:5)\n' +
    '    at Layer.handleRequest (/Users/hoc/Documents/Ky_5/Computer_Technology/Final/SMARTTASKER-2.0/backend/node_modules/router/lib/layer.js:152:17)\n' +
    '    at trimPrefix (/Users/hoc/Documents/Ky_5/Computer_Technology/Final/SMARTTASKER-2.0/backend/node_modules/router/index.js:342:13)\n' +
    '    at /Users/hoc/Documents/Ky_5/Computer_Technology/Final/SMARTTASKER-2.0/backend/node_modules/router/index.js:297:9\n' +
    '    at processParams (/Users/hoc/Documents/Ky_5/Computer_Technology/Final/SMARTTASKER-2.0/backend/node_modules/router/index.js:582:12)\n' +
    '    at next (/Users/hoc/Documents/Ky_5/Computer_Technology/Final/SMARTTASKER-2.0/backend/node_modules/router/index.js:291:5)\n' +
    '    at cors (/Users/hoc/Documents/Ky_5/Computer_Technology/Final/SMARTTASKER-2.0/backend/node_modules/cors/lib/index.js:188:7)'
}
[2025-12-01T14:32:32.896Z] Error: {
  message: 'Cannot GET /api/auth/me/avatar',
  statusCode: 404,
  path: '/api/auth/me/avatar',
  method: 'GET',
  stack: 'Error: Cannot GET /api/auth/me/avatar\n' +
    '    at notFoundHandler (/Users/hoc/Documents/Ky_5/Computer_Technology/Final/SMARTTASKER-2.0/backend/middleware/errorHandler.js:154:17)\n' +
    '    at Layer.handleRequest (/Users/hoc/Documents/Ky_5/Computer_Technology/Final/SMARTTASKER-2.0/backend/node_modules/router/lib/layer.js:152:17)\n' +
    '    at trimPrefix (/Users/hoc/Documents/Ky_5/Computer_Technology/Final/SMARTTASKER-2.0/backend/node_modules/router/index.js:342:13)\n' +
    '    at /Users/hoc/Documents/Ky_5/Computer_Technology/Final/SMARTTASKER-2.0/backend/node_modules/router/index.js:297:9\n' +
    '    at processParams (/Users/hoc/Documents/Ky_5/Computer_Technology/Final/SMARTTASKER-2.0/backend/node_modules/router/index.js:582:12)\n' +
    '    at next (/Users/hoc/Documents/Ky_5/Computer_Technology/Final/SMARTTASKER-2.0/backend/node_modules/router/index.js:291:5)\n' +
    '    at /Users/hoc/Documents/Ky_5/Computer_Technology/Final/SMARTTASKER-2.0/backend/node_modules/router/index.js:688:15\n' +
    '    at next (/Users/hoc/Documents/Ky_5/Computer_Technology/Final/SMARTTASKER-2.0/backend/node_modules/router/index.js:276:14)\n' +
    '    at router.handle (/Users/hoc/Documents/Ky_5/Computer_Technology/Final/SMARTTASKER-2.0/backend/node_modules/router/index.js:186:3)\n' +
    '    at router (/Users/hoc/Documents/Ky_5/Computer_Technology/Final/SMARTTASKER-2.0/backend/node_modules/router/index.js:60:12)'
}
0 notifications processed at Mon Dec 01 2025 21:33:00 GMT+0700 (Indochina Time) (reminders found: 0)
[2025-12-01T14:33:42.982Z] Error: {
  message: 'request entity too large',
  statusCode: 413,
  path: '/api/auth/me/avatar',
  method: 'PUT',
  stack: 'PayloadTooLargeError: request entity too large\n' +
    '    at readStream (/Users/hoc/Documents/Ky_5/Computer_Technology/Final/SMARTTASKER-2.0/backend/node_modules/raw-body/index.js:163:17)\n' +
    '    at getRawBody (/Users/hoc/Documents/Ky_5/Computer_Technology/Final/SMARTTASKER-2.0/backend/node_modules/raw-body/index.js:116:12)\n' +
    '    at read (/Users/hoc/Documents/Ky_5/Computer_Technology/Final/SMARTTASKER-2.0/backend/node_modules/body-parser/lib/read.js:74:3)\n' +
    '    at jsonParser (/Users/hoc/Documents/Ky_5/Computer_Technology/Final/SMARTTASKER-2.0/backend/node_modules/body-parser/lib/types/json.js:125:5)\n' +
    '    at Layer.handleRequest (/Users/hoc/Documents/Ky_5/Computer_Technology/Final/SMARTTASKER-2.0/backend/node_modules/router/lib/layer.js:152:17)\n' +
    '    at trimPrefix (/Users/hoc/Documents/Ky_5/Computer_Technology/Final/SMARTTASKER-2.0/backend/node_modules/router/index.js:342:13)\n' +
    '    at /Users/hoc/Documents/Ky_5/Computer_Technology/Final/SMARTTASKER-2.0/backend/node_modules/router/index.js:297:9\n' +
    '    at processParams (/Users/hoc/Documents/Ky_5/Computer_Technology/Final/SMARTTASKER-2.0/backend/node_modules/router/index.js:582:12)\n' +
    '    at next (/Users/hoc/Documents/Ky_5/Computer_Technology/Final/SMARTTASKER-2.0/backend/node_modules/router/index.js:291:5)\n' +
    '    at cors (/Users/hoc/Documents/Ky_5/Computer_Technology/Final/SMARTTASKER-2.0/backend/node_modules/cors/lib/index.js:188:7)'
}
[2025-12-01T14:33:58.527Z] Error: {
  message: 'Cannot PUT /api/auth/me/avatar',
  statusCode: 404,
  path: '/api/auth/me/avatar',
  method: 'PUT',
  stack: 'Error: Cannot PUT /api/auth/me/avatar\n' +
    '    at notFoundHandler (/Users/hoc/Documents/Ky_5/Computer_Technology/Final/SMARTTASKER-2.0/backend/middleware/errorHandler.js:154:17)\n' +
    '    at Layer.handleRequest (/Users/hoc/Documents/Ky_5/Computer_Technology/Final/SMARTTASKER-2.0/backend/node_modules/router/lib/layer.js:152:17)\n' +
    '    at trimPrefix (/Users/hoc/Documents/Ky_5/Computer_Technology/Final/SMARTTASKER-2.0/backend/node_modules/router/index.js:342:13)\n' +
    '    at /Users/hoc/Documents/Ky_5/Computer_Technology/Final/SMARTTASKER-2.0/backend/node_modules/router/index.js:297:9\n' +
    '    at processParams (/Users/hoc/Documents/Ky_5/Computer_Technology/Final/SMARTTASKER-2.0/backend/node_modules/router/index.js:582:12)\n' +
    '    at next (/Users/hoc/Documents/Ky_5/Computer_Technology/Final/SMARTTASKER-2.0/backend/node_modules/router/index.js:291:5)\n' +
    '    at /Users/hoc/Documents/Ky_5/Computer_Technology/Final/SMARTTASKER-2.0/backend/node_modules/router/index.js:688:15\n' +
    '    at next (/Users/hoc/Documents/Ky_5/Computer_Technology/Final/SMARTTASKER-2.0/backend/node_modules/router/index.js:276:14)\n' +
    '    at router.handle (/Users/hoc/Documents/Ky_5/Computer_Technology/Final/SMARTTASKER-2.0/backend/node_modules/router/index.js:186:3)\n' +
    '    at router (/Users/hoc/Documents/Ky_5/Computer_Technology/Final/SMARTTASKER-2.0/backend/node_modules/router/index.js:60:12)'
}
0 notifications processed at Mon Dec 01 2025 21:34:00 GMT+0700 (Indochina Time) (reminders found: 0)
[2025-12-01T14:34:35.081Z] Error: {
  message: 'request entity too large',
  statusCode: 413,
  path: '/api/auth/me/avatar',
  method: 'PUT',
  stack: 'PayloadTooLargeError: request entity too large\n' +
    '    at readStream (/Users/hoc/Documents/Ky_5/Computer_Technology/Final/SMARTTASKER-2.0/backend/node_modules/raw-body/index.js:163:17)\n' +
    '    at getRawBody (/Users/hoc/Documents/Ky_5/Computer_Technology/Final/SMARTTASKER-2.0/backend/node_modules/raw-body/index.js:116:12)\n' +
    '    at read (/Users/hoc/Documents/Ky_5/Computer_Technology/Final/SMARTTASKER-2.0/backend/node_modules/body-parser/lib/read.js:74:3)\n' +
    '    at jsonParser (/Users/hoc/Documents/Ky_5/Computer_Technology/Final/SMARTTASKER-2.0/backend/node_modules/body-parser/lib/types/json.js:125:5)\n' +
    '    at Layer.handleRequest (/Users/hoc/Documents/Ky_5/Computer_Technology/Final/SMARTTASKER-2.0/backend/node_modules/router/lib/layer.js:152:17)\n' +
    '    at trimPrefix (/Users/hoc/Documents/Ky_5/Computer_Technology/Final/SMARTTASKER-2.0/backend/node_modules/router/index.js:342:13)\n' +
    '    at /Users/hoc/Documents/Ky_5/Computer_Technology/Final/SMARTTASKER-2.0/backend/node_modules/router/index.js:297:9\n' +
    '    at processParams (/Users/hoc/Documents/Ky_5/Computer_Technology/Final/SMARTTASKER-2.0/backend/node_modules/router/index.js:582:12)\n' +
    '    at next (/Users/hoc/Documents/Ky_5/Computer_Technology/Final/SMARTTASKER-2.0/backend/node_modules/router/index.js:291:5)\n' +
    '    at cors (/Users/hoc/Documents/Ky_5/Computer_Technology/Final/SMARTTASKER-2.0/backend/node_modules/cors/lib/index.js:188:7)'
}
0 notifications processed at Mon Dec 01 2025 21:35:00 GMT+0700 (Indochina Time) (reminders found: 0)
[2025-12-01T14:35:32.206Z] Error: {
  message: 'request entity too large',
  statusCode: 413,
  path: '/api/auth/me/avatar',
  method: 'PUT',
  stack: 'PayloadTooLargeError: request entity too large\n' +
    '    at readStream (/Users/hoc/Documents/Ky_5/Computer_Technology/Final/SMARTTASKER-2.0/backend/node_modules/raw-body/index.js:163:17)\n' +
    '    at getRawBody (/Users/hoc/Documents/Ky_5/Computer_Technology/Final/SMARTTASKER-2.0/backend/node_modules/raw-body/index.js:116:12)\n' +
    '    at read (/Users/hoc/Documents/Ky_5/Computer_Technology/Final/SMARTTASKER-2.0/backend/node_modules/body-parser/lib/read.js:74:3)\n' +
    '    at jsonParser (/Users/hoc/Documents/Ky_5/Computer_Technology/Final/SMARTTASKER-2.0/backend/node_modules/body-parser/lib/types/json.js:125:5)\n' +
    '    at Layer.handleRequest (/Users/hoc/Documents/Ky_5/Computer_Technology/Final/SMARTTASKER-2.0/backend/node_modules/router/lib/layer.js:152:17)\n' +
    '    at trimPrefix (/Users/hoc/Documents/Ky_5/Computer_Technology/Final/SMARTTASKER-2.0/backend/node_modules/router/index.js:342:13)\n' +
    '    at /Users/hoc/Documents/Ky_5/Computer_Technology/Final/SMARTTASKER-2.0/backend/node_modules/router/index.js:297:9\n' +
    '    at processParams (/Users/hoc/Documents/Ky_5/Computer_Technology/Final/SMARTTASKER-2.0/backend/node_modules/router/index.js:582:12)\n' +
    '    at next (/Users/hoc/Documents/Ky_5/Computer_Technology/Final/SMARTTASKER-2.0/backend/node_modules/router/index.js:291:5)\n' +
    '    at cors (/Users/hoc/Documents/Ky_5/Computer_Technology/Final/SMARTTASKER-2.0/backend/node_modules/cors/lib/index.js:188:7)'
}
0 notifications processed at Mon Dec 01 2025 21:36:00 GMT+0700 (Indochina Time) (reminders found: 0)
[2025-12-01T14:36:30.786Z] Error: {
  message: 'request entity too large',
  statusCode: 413,
  path: '/api/auth/me/avatar',
  method: 'PUT',
  stack: 'PayloadTooLargeError: request entity too large\n' +
    '    at readStream (/Users/hoc/Documents/Ky_5/Computer_Technology/Final/SMARTTASKER-2.0/backend/node_modules/raw-body/index.js:163:17)\n' +
    '    at getRawBody (/Users/hoc/Documents/Ky_5/Computer_Technology/Final/SMARTTASKER-2.0/backend/node_modules/raw-body/index.js:116:12)\n' +
    '    at read (/Users/hoc/Documents/Ky_5/Computer_Technology/Final/SMARTTASKER-2.0/backend/node_modules/body-parser/lib/read.js:74:3)\n' +
    '    at jsonParser (/Users/hoc/Documents/Ky_5/Computer_Technology/Final/SMARTTASKER-2.0/backend/node_modules/body-parser/lib/types/json.js:125:5)\n' +
    '    at Layer.handleRequest (/Users/hoc/Documents/Ky_5/Computer_Technology/Final/SMARTTASKER-2.0/backend/node_modules/router/lib/layer.js:152:17)\n' +
    '    at trimPrefix (/Users/hoc/Documents/Ky_5/Computer_Technology/Final/SMARTTASKER-2.0/backend/node_modules/router/index.js:342:13)\n' +
    '    at /Users/hoc/Documents/Ky_5/Computer_Technology/Final/SMARTTASKER-2.0/backend/node_modules/router/index.js:297:9\n' +
    '    at processParams (/Users/hoc/Documents/Ky_5/Computer_Technology/Final/SMARTTASKER-2.0/backend/node_modules/router/index.js:582:12)\n' +
    '    at next (/Users/hoc/Documents/Ky_5/Computer_Technology/Final/SMARTTASKER-2.0/backend/node_modules/router/index.js:291:5)\n' +
    '    at cors (/Users/hoc/Documents/Ky_5/Computer_Technology/Final/SMARTTASKER-2.0/backend/node_modules/cors/lib/index.js:188:7)'
}
0 notifications processed at Mon Dec 01 2025 21:37:00 GMT+0700 (Indochina Time) (reminders found: 0)
0 notifications processed at Mon Dec 01 2025 21:38:00 GMT+0700 (Indochina Time) (reminders found: 0)
[2025-12-01T14:38:51.442Z] Error: {
  message: 'request entity too large',
  statusCode: 413,
  path: '/api/auth/me/avatar',
  method: 'PUT',
  stack: 'PayloadTooLargeError: request entity too large\n' +
    '    at readStream (/Users/hoc/Documents/Ky_5/Computer_Technology/Final/SMARTTASKER-2.0/backend/node_modules/raw-body/index.js:163:17)\n' +
    '    at getRawBody (/Users/hoc/Documents/Ky_5/Computer_Technology/Final/SMARTTASKER-2.0/backend/node_modules/raw-body/index.js:116:12)\n' +
    '    at read (/Users/hoc/Documents/Ky_5/Computer_Technology/Final/SMARTTASKER-2.0/backend/node_modules/body-parser/lib/read.js:74:3)\n' +
    '    at jsonParser (/Users/hoc/Documents/Ky_5/Computer_Technology/Final/SMARTTASKER-2.0/backend/node_modules/body-parser/lib/types/json.js:125:5)\n' +
    '    at Layer.handleRequest (/Users/hoc/Documents/Ky_5/Computer_Technology/Final/SMARTTASKER-2.0/backend/node_modules/router/lib/layer.js:152:17)\n' +
    '    at trimPrefix (/Users/hoc/Documents/Ky_5/Computer_Technology/Final/SMARTTASKER-2.0/backend/node_modules/router/index.js:342:13)\n' +
    '    at /Users/hoc/Documents/Ky_5/Computer_Technology/Final/SMARTTASKER-2.0/backend/node_modules/router/index.js:297:9\n' +
    '    at processParams (/Users/hoc/Documents/Ky_5/Computer_Technology/Final/SMARTTASKER-2.0/backend/node_modules/router/index.js:582:12)\n' +
    '    at next (/Users/hoc/Documents/Ky_5/Computer_Technology/Final/SMARTTASKER-2.0/backend/node_modules/router/index.js:291:5)\n' +
    '    at cors (/Users/hoc/Documents/Ky_5/Computer_Technology/Final/SMARTTASKER-2.0/backend/node_modules/cors/lib/index.js:188:7)'
}
0 notifications processed at Mon Dec 01 2025 21:39:00 GMT+0700 (Indochina Time) (reminders found: 0)
0 notifications processed at Mon Dec 01 2025 21:40:00 GMT+0700 (Indochina Time) (reminders found: 0)
0 notifications processed at Mon Dec 01 2025 21:41:00 GMT+0700 (Indochina Time) (reminders found: 0)
[2025-12-01T14:41:39.102Z] Error: {
  message: 'request entity too large',
  statusCode: 413,
  path: '/api/auth/me/avatar',
  method: 'PUT',
  stack: 'PayloadTooLargeError: request entity too large\n' +
    '    at readStream (/Users/hoc/Documents/Ky_5/Computer_Technology/Final/SMARTTASKER-2.0/backend/node_modules/raw-body/index.js:163:17)\n' +
    '    at getRawBody (/Users/hoc/Documents/Ky_5/Computer_Technology/Final/SMARTTASKER-2.0/backend/node_modules/raw-body/index.js:116:12)\n' +
    '    at read (/Users/hoc/Documents/Ky_5/Computer_Technology/Final/SMARTTASKER-2.0/backend/node_modules/body-parser/lib/read.js:74:3)\n' +
    '    at jsonParser (/Users/hoc/Documents/Ky_5/Computer_Technology/Final/SMARTTASKER-2.0/backend/node_modules/body-parser/lib/types/json.js:125:5)\n' +
    '    at Layer.handleRequest (/Users/hoc/Documents/Ky_5/Computer_Technology/Final/SMARTTASKER-2.0/backend/node_modules/router/lib/layer.js:152:17)\n' +
    '    at trimPrefix (/Users/hoc/Documents/Ky_5/Computer_Technology/Final/SMARTTASKER-2.0/backend/node_modules/router/index.js:342:13)\n' +
    '    at /Users/hoc/Documents/Ky_5/Computer_Technology/Final/SMARTTASKER-2.0/backend/node_modules/router/index.js:297:9\n' +
    '    at processParams (/Users/hoc/Documents/Ky_5/Computer_Technology/Final/SMARTTASKER-2.0/backend/node_modules/router/index.js:582:12)\n' +
    '    at next (/Users/hoc/Documents/Ky_5/Computer_Technology/Final/SMARTTASKER-2.0/backend/node_modules/router/index.js:291:5)\n' +
    '    at cors (/Users/hoc/Documents/Ky_5/Computer_Technology/Final/SMARTTASKER-2.0/backend/node_modules/cors/lib/index.js:188:7)'
}
0 notifications processed at Mon Dec 01 2025 21:42:00 GMT+0700 (Indochina Time) (reminders found: 0)
0 notifications processed at Mon Dec 01 2025 21:43:00 GMT+0700 (Indochina Time) (reminders found: 0)
0 notifications processed at Mon Dec 01 2025 21:44:00 GMT+0700 (Indochina Time) (reminders found: 0)
[2025-12-01T14:44:27.283Z] Error: {
  message: 'request entity too large',
  statusCode: 413,
  path: '/api/auth/me/avatar',
  method: 'PUT',
  stack: 'PayloadTooLargeError: request entity too large\n' +
    '    at readStream (/Users/hoc/Documents/Ky_5/Computer_Technology/Final/SMARTTASKER-2.0/backend/node_modules/raw-body/index.js:163:17)\n' +
    '    at getRawBody (/Users/hoc/Documents/Ky_5/Computer_Technology/Final/SMARTTASKER-2.0/backend/node_modules/raw-body/index.js:116:12)\n' +
    '    at read (/Users/hoc/Documents/Ky_5/Computer_Technology/Final/SMARTTASKER-2.0/backend/node_modules/body-parser/lib/read.js:74:3)\n' +
    '    at jsonParser (/Users/hoc/Documents/Ky_5/Computer_Technology/Final/SMARTTASKER-2.0/backend/node_modules/body-parser/lib/types/json.js:125:5)\n' +
    '    at Layer.handleRequest (/Users/hoc/Documents/Ky_5/Computer_Technology/Final/SMARTTASKER-2.0/backend/node_modules/router/lib/layer.js:152:17)\n' +
    '    at trimPrefix (/Users/hoc/Documents/Ky_5/Computer_Technology/Final/SMARTTASKER-2.0/backend/node_modules/router/index.js:342:13)\n' +
    '    at /Users/hoc/Documents/Ky_5/Computer_Technology/Final/SMARTTASKER-2.0/backend/node_modules/router/index.js:297:9\n' +
    '    at processParams (/Users/hoc/Documents/Ky_5/Computer_Technology/Final/SMARTTASKER-2.0/backend/node_modules/router/index.js:582:12)\n' +
    '    at next (/Users/hoc/Documents/Ky_5/Computer_Technology/Final/SMARTTASKER-2.0/backend/node_modules/router/index.js:291:5)\n' +
    '    at cors (/Users/hoc/Documents/Ky_5/Computer_Technology/Final/SMARTTASKER-2.0/backend/node_modules/cors/lib/index.js:188:7)'
}
0 notifications processed at Mon Dec 01 2025 21:45:00 GMT+0700 (Indochina Time) (reminders found: 0)
0 notifications processed at Mon Dec 01 2025 21:46:00 GMT+0700 (Indochina Time) (reminders found: 0)
[2025-12-01T14:46:19.271Z] Error: {
  message: 'Cannot PUT /api/auth/me/avatar',
  statusCode: 404,
  path: '/api/auth/me/avatar',
  method: 'PUT',
  stack: 'Error: Cannot PUT /api/auth/me/avatar\n' +
    '    at notFoundHandler (/Users/hoc/Documents/Ky_5/Computer_Technology/Final/SMARTTASKER-2.0/backend/middleware/errorHandler.js:154:17)\n' +
    '    at Layer.handleRequest (/Users/hoc/Documents/Ky_5/Computer_Technology/Final/SMARTTASKER-2.0/backend/node_modules/router/lib/layer.js:152:17)\n' +
    '    at trimPrefix (/Users/hoc/Documents/Ky_5/Computer_Technology/Final/SMARTTASKER-2.0/backend/node_modules/router/index.js:342:13)\n' +
    '    at /Users/hoc/Documents/Ky_5/Computer_Technology/Final/SMARTTASKER-2.0/backend/node_modules/router/index.js:297:9\n' +
    '    at processParams (/Users/hoc/Documents/Ky_5/Computer_Technology/Final/SMARTTASKER-2.0/backend/node_modules/router/index.js:582:12)\n' +
    '    at next (/Users/hoc/Documents/Ky_5/Computer_Technology/Final/SMARTTASKER-2.0/backend/node_modules/router/index.js:291:5)\n' +
    '    at /Users/hoc/Documents/Ky_5/Computer_Technology/Final/SMARTTASKER-2.0/backend/node_modules/router/index.js:688:15\n' +
    '    at next (/Users/hoc/Documents/Ky_5/Computer_Technology/Final/SMARTTASKER-2.0/backend/node_modules/router/index.js:276:14)\n' +
    '    at router.handle (/Users/hoc/Documents/Ky_5/Computer_Technology/Final/SMARTTASKER-2.0/backend/node_modules/router/index.js:186:3)\n' +
    '    at router (/Users/hoc/Documents/Ky_5/Computer_Technology/Final/SMARTTASKER-2.0/backend/node_modules/router/index.js:60:12)'
}
[2025-12-01T14:46:34.430Z] Error: {
  message: 'request entity too large',
  statusCode: 413,
  path: '/api/auth/me/avatar',
  method: 'PUT',
  stack: 'PayloadTooLargeError: request entity too large\n' +
    '    at readStream (/Users/hoc/Documents/Ky_5/Computer_Technology/Final/SMARTTASKER-2.0/backend/node_modules/raw-body/index.js:163:17)\n' +
    '    at getRawBody (/Users/hoc/Documents/Ky_5/Computer_Technology/Final/SMARTTASKER-2.0/backend/node_modules/raw-body/index.js:116:12)\n' +
    '    at read (/Users/hoc/Documents/Ky_5/Computer_Technology/Final/SMARTTASKER-2.0/backend/node_modules/body-parser/lib/read.js:74:3)\n' +
    '    at jsonParser (/Users/hoc/Documents/Ky_5/Computer_Technology/Final/SMARTTASKER-2.0/backend/node_modules/body-parser/lib/types/json.js:125:5)\n' +
    '    at Layer.handleRequest (/Users/hoc/Documents/Ky_5/Computer_Technology/Final/SMARTTASKER-2.0/backend/node_modules/router/lib/layer.js:152:17)\n' +
    '    at trimPrefix (/Users/hoc/Documents/Ky_5/Computer_Technology/Final/SMARTTASKER-2.0/backend/node_modules/router/index.js:342:13)\n' +
    '    at /Users/hoc/Documents/Ky_5/Computer_Technology/Final/SMARTTASKER-2.0/backend/node_modules/router/index.js:297:9\n' +
    '    at processParams (/Users/hoc/Documents/Ky_5/Computer_Technology/Final/SMARTTASKER-2.0/backend/node_modules/router/index.js:582:12)\n' +
    '    at next (/Users/hoc/Documents/Ky_5/Computer_Technology/Final/SMARTTASKER-2.0/backend/node_modules/router/index.js:291:5)\n' +
    '    at cors (/Users/hoc/Documents/Ky_5/Computer_Technology/Final/SMARTTASKER-2.0/backend/node_modules/cors/lib/index.js:188:7)'
}
0 notifications processed at Mon Dec 01 2025 21:47:00 GMT+0700 (Indochina Time) (reminders found: 0)
0 notifications processed at Mon Dec 01 2025 21:48:00 GMT+0700 (Indochina Time) (reminders found: 0)
0 notifications processed at Mon Dec 01 2025 21:49:00 GMT+0700 (Indochina Time) (reminders found: 0)
0 notifications processed at Mon Dec 01 2025 21:50:00 GMT+0700 (Indochina Time) (reminders found: 0)
0 notifications processed at Mon Dec 01 2025 21:51:00 GMT+0700 (Indochina Time) (reminders found: 0)
0 notifications processed at Mon Dec 01 2025 21:52:00 GMT+0700 (Indochina Time) (reminders found: 0)
[2025-12-01T14:52:04.756Z] Error: {
  message: 'Cannot POST /api/auth/me/avatar',
  statusCode: 404,
  path: '/api/auth/me/avatar',
  method: 'POST',
  stack: 'Error: Cannot POST /api/auth/me/avatar\n' +
    '    at notFoundHandler (/Users/hoc/Documents/Ky_5/Computer_Technology/Final/SMARTTASKER-2.0/backend/middleware/errorHandler.js:154:17)\n' +
    '    at Layer.handleRequest (/Users/hoc/Documents/Ky_5/Computer_Technology/Final/SMARTTASKER-2.0/backend/node_modules/router/lib/layer.js:152:17)\n' +
    '    at trimPrefix (/Users/hoc/Documents/Ky_5/Computer_Technology/Final/SMARTTASKER-2.0/backend/node_modules/router/index.js:342:13)\n' +
    '    at /Users/hoc/Documents/Ky_5/Computer_Technology/Final/SMARTTASKER-2.0/backend/node_modules/router/index.js:297:9\n' +
    '    at processParams (/Users/hoc/Documents/Ky_5/Computer_Technology/Final/SMARTTASKER-2.0/backend/node_modules/router/index.js:582:12)\n' +
    '    at next (/Users/hoc/Documents/Ky_5/Computer_Technology/Final/SMARTTASKER-2.0/backend/node_modules/router/index.js:291:5)\n' +
    '    at /Users/hoc/Documents/Ky_5/Computer_Technology/Final/SMARTTASKER-2.0/backend/node_modules/router/index.js:688:15\n' +
    '    at next (/Users/hoc/Documents/Ky_5/Computer_Technology/Final/SMARTTASKER-2.0/backend/node_modules/router/index.js:276:14)\n' +
    '    at router.handle (/Users/hoc/Documents/Ky_5/Computer_Technology/Final/SMARTTASKER-2.0/backend/node_modules/router/index.js:186:3)\n' +
    '    at router (/Users/hoc/Documents/Ky_5/Computer_Technology/Final/SMARTTASKER-2.0/backend/node_modules/router/index.js:60:12)'
}
[2025-12-01T14:52:35.149Z] Error: {
  message: 'Cannot POST /api/auth/me/avatar',
  statusCode: 404,
  path: '/api/auth/me/avatar',
  method: 'POST',
  stack: 'Error: Cannot POST /api/auth/me/avatar\n' +
    '    at notFoundHandler (/Users/hoc/Documents/Ky_5/Computer_Technology/Final/SMARTTASKER-2.0/backend/middleware/errorHandler.js:154:17)\n' +
    '    at Layer.handleRequest (/Users/hoc/Documents/Ky_5/Computer_Technology/Final/SMARTTASKER-2.0/backend/node_modules/router/lib/layer.js:152:17)\n' +
    '    at trimPrefix (/Users/hoc/Documents/Ky_5/Computer_Technology/Final/SMARTTASKER-2.0/backend/node_modules/router/index.js:342:13)\n' +
    '    at /Users/hoc/Documents/Ky_5/Computer_Technology/Final/SMARTTASKER-2.0/backend/node_modules/router/index.js:297:9\n' +
    '    at processParams (/Users/hoc/Documents/Ky_5/Computer_Technology/Final/SMARTTASKER-2.0/backend/node_modules/router/index.js:582:12)\n' +
    '    at next (/Users/hoc/Documents/Ky_5/Computer_Technology/Final/SMARTTASKER-2.0/backend/node_modules/router/index.js:291:5)\n' +
    '    at /Users/hoc/Documents/Ky_5/Computer_Technology/Final/SMARTTASKER-2.0/backend/node_modules/router/index.js:688:15\n' +
    '    at next (/Users/hoc/Documents/Ky_5/Computer_Technology/Final/SMARTTASKER-2.0/backend/node_modules/router/index.js:276:14)\n' +
    '    at router.handle (/Users/hoc/Documents/Ky_5/Computer_Technology/Final/SMARTTASKER-2.0/backend/node_modules/router/index.js:186:3)\n' +
    '    at router (/Users/hoc/Documents/Ky_5/Computer_Technology/Final/SMARTTASKER-2.0/backend/node_modules/router/index.js:60:12)'
}
0 notifications processed at Mon Dec 01 2025 21:53:00 GMT+0700 (Indochina Time) (reminders found: 0)
0 notifications processed at Mon Dec 01 2025 21:54:00 GMT+0700 (Indochina Time) (reminders found: 0)
0 notifications processed at Mon Dec 01 2025 21:55:00 GMT+0700 (Indochina Time) (reminders found: 0)
0 notifications processed at Mon Dec 01 2025 21:56:00 GMT+0700 (Indochina Time) (reminders found: 0)
0 notifications processed at Mon Dec 01 2025 21:57:00 GMT+0700 (Indochina Time) (reminders found: 0)
0 notifications processed at Mon Dec 01 2025 21:58:00 GMT+0700 (Indochina Time) (reminders found: 0)
0 notifications processed at Mon Dec 01 2025 21:59:00 GMT+0700 (Indochina Time) (reminders found: 0)
0 notifications processed at Mon Dec 01 2025 22:00:00 GMT+0700 (Indochina Time) (reminders found: 0)
0 notifications processed at Mon Dec 01 2025 22:01:00 GMT+0700 (Indochina Time) (reminders found: 0)
0 notifications processed at Mon Dec 01 2025 22:02:00 GMT+0700 (Indochina Time) (reminders found: 0)
[2025-12-01T15:02:16.260Z] Error: {
  message: 'Cannot POST /api/auth/me/avatar',
  statusCode: 404,
  path: '/api/auth/me/avatar',
  method: 'POST',
  stack: 'Error: Cannot POST /api/auth/me/avatar\n' +
    '    at notFoundHandler (/Users/hoc/Documents/Ky_5/Computer_Technology/Final/SMARTTASKER-2.0/backend/middleware/errorHandler.js:154:17)\n' +
    '    at Layer.handleRequest (/Users/hoc/Documents/Ky_5/Computer_Technology/Final/SMARTTASKER-2.0/backend/node_modules/router/lib/layer.js:152:17)\n' +
    '    at trimPrefix (/Users/hoc/Documents/Ky_5/Computer_Technology/Final/SMARTTASKER-2.0/backend/node_modules/router/index.js:342:13)\n' +
    '    at /Users/hoc/Documents/Ky_5/Computer_Technology/Final/SMARTTASKER-2.0/backend/node_modules/router/index.js:297:9\n' +
    '    at processParams (/Users/hoc/Documents/Ky_5/Computer_Technology/Final/SMARTTASKER-2.0/backend/node_modules/router/index.js:582:12)\n' +
    '    at next (/Users/hoc/Documents/Ky_5/Computer_Technology/Final/SMARTTASKER-2.0/backend/node_modules/router/index.js:291:5)\n' +
    '    at /Users/hoc/Documents/Ky_5/Computer_Technology/Final/SMARTTASKER-2.0/backen0 notifications processed at Mon Dec 01 2025 22:03:00 GMT+0700 (Indochina Time) (reminders found: 0)
ology/Final/SMARTTASKER-2.0/backend/node_modules/router/index.js:276:14)\n' +
    '    at router.handle (/Users/hoc/Documents/Ky_5/Computer_Technology/Final/SMARTTASKER-2.0/backend/node_modules/router/index.js:186:3)\n' +
    '    at router (/Users/hoc/Documents/Ky_5/Computer_Technology/Final/SMARTTASKER-2.0/backend/node_modules/router/index.js:60:12)'
}
0 notifications processed at Mon Dec 01 2025 22:03:00 GMT+0700 (Indochina Time) (reminders found: 0)
